== 1. PVC and volume binding
NAME           STATUS   VOLUME                                     CAPACITY   ACCESS MODES   STORAGECLASS   VOLUMEATTRIBUTESCLASS   AGE
postgres-pvc   Bound    pvc-0bf4948d-84de-4d26-81c3-ab9ae142805a   2Gi        RWO            local-path     <unset>                 90s

== 2. Write a marker row
CREATE TABLE
INSERT 0 1
   inserted: marker-1786723909
   rows now: 1

== 3. Baseline stock table (seeded by inventory-fn at startup)
1|t
2|t
3|f

== 4. Delete the postgres pod (simulating node/pod failure)
   deleting postgres-8bf8f9f9b-gd6rm
Waiting for deployment "postgres" rollout to finish: 0 of 1 updated replicas are available...
deployment "postgres" successfully rolled out
   new pod: postgres-8bf8f9f9b-4tpg5
   confirmed: pod identity changed

== 5. Read the marker back after restart
   looked for: marker-1786723909
   found     : marker-1786723909
   RESULT: PASS - data survived pod replacement

== 6. Application-level recovery (inventory-fn reconnects, checkout works)
{"status":"confirmed","degraded":false,"pricing":{"subtotal":100,"taxRate":0.23,"tax":23,"total":123},"stock":{"sku":1,"inStock":true,"confirmed":true},"requestId":"persistence-recheck"}
HTTP 200
